[INFO] 2026-02-07 21:33.49 - Class: TaskService - Method: updateTask - Message: Modificant task amb id: 1
[INFO] 2026-02-07 21:33.49 - Class: TaskRepository - Method: updateTask - Message: Actualitzant task amb id: 1
[INFO] 2026-02-07 22:00.31 - Class: TaskService - Method: deleteTask - Message: Borrant la task amb id: 1
[INFO] 2026-02-07 22:00.31 - Class: TaskRepository - Method: deleteTask - Message: Eliminant task amb id: 1
[INFO] 2026-02-07 22:01.44 - Class: TaskService - Method: deleteAllTasks - Message: Borrant totes les tasks
[INFO] 2026-02-07 22:01.44 - Class: TaskRepository - Method: deleteAllTasks - Message: Eliminant totes les tasks
[INFO] 2026-02-07 22:29.17 - Class: TaskService - Method: saveTaskImage - Message: Afegint la imatge chulinSI.jpg per a la task amb id: 1
[INFO] 2026-02-07 22:29.17 - Class: TaskRepository - Method: updateTaskImage - Message: Actualitzant imatge de la task amb id: 1
[INFO] 2026-02-07 22:29.17 - Class: TaskService - Method: saveTaskImage - Message: La imatge s'ha guardat correctament. El path és: images/11770499757101chulinSI.jpg
[INFO] 2026-02-07 22:30.38 - Class: TaskService - Method: saveTaskImage - Message: Afegint la imatge chulinSI.jpg per a la task amb id: 1
[INFO] 2026-02-07 22:30.38 - Class: TaskRepository - Method: updateTaskImage - Message: Actualitzant imatge de la task amb id: 1
[INFO] 2026-02-07 22:30.38 - Class: TaskService - Method: saveTaskImage - Message: La imatge s'ha guardat correctament. El path és: images/11770499838744chulinSI.jpg
[INFO] 2026-02-07 22:47.57 - Class: TaskService - Method: deleteTask - Message: Borrant la task amb id: 88
[ERROR] 2026-02-07 22:47.57 - Class: TaskService - Method: deleteTask - Message: Error borrant la task amb id: 88 - Exception: La task amb id: 88 no existeix
[INFO] 2026-02-08 21:01.41 - Class: TaskService - Method: getAllTasks - Message: obtenint tots els customers
[INFO] 2026-02-08 21:01.41 - Class: TaskRepository - Method: getAllTasks - Message: Executant consulta: SELECT * FROM tasks
[INFO] 2026-02-08 21:01.48 - Class: TaskService - Method: getTaskById - Message: obtenint el customer per id
[INFO] 2026-02-08 21:01.48 - Class: TaskRepository - Method: getTaskById - Message: Executant consulta: select * from tasks where id = ?
[INFO] 2026-02-08 21:04.42 - Class: TaskService - Method: uploadCSV - Message: afegint tasques per csv
[INFO] 2026-02-08 21:04.42 - Class: TaskRepository - Method: insertTask - Message: Executant consulta: INSERT INTO tasks (title, category, completed, imagePath, dataCreated, dataUpdated) VALUES (?, ?, ?, ?, ?, ?)
[INFO] 2026-02-08 21:04.43 - Class: TaskRepository - Method: insertTask - Message: Executant consulta: INSERT INTO tasks (title, category, completed, imagePath, dataCreated, dataUpdated) VALUES (?, ?, ?, ?, ?, ?)
[ERROR] 2026-02-08 21:04.43 - Class: TaskService - Method: uploadCSV - Message: Error afegint tasques per csv - Exception: Index 1 out of bounds for length 1
[INFO] 2026-02-08 21:07.00 - Class: TaskService - Method: uploadCSV - Message: afegint tasques per csv
[INFO] 2026-02-08 21:07.00 - Class: TaskRepository - Method: insertTask - Message: Executant consulta: INSERT INTO tasks (title, category, completed, imagePath, dataCreated, dataUpdated) VALUES (?, ?, ?, ?, ?, ?)
[INFO] 2026-02-08 21:07.00 - Class: TaskRepository - Method: insertTask - Message: Executant consulta: INSERT INTO tasks (title, category, completed, imagePath, dataCreated, dataUpdated) VALUES (?, ?, ?, ?, ?, ?)
[INFO] 2026-02-08 21:07.00 - Class: TaskRepository - Method: insertTask - Message: Executant consulta: INSERT INTO tasks (title, category, completed, imagePath, dataCreated, dataUpdated) VALUES (?, ?, ?, ?, ?, ?)
[INFO] 2026-02-08 21:07.00 - Class: TaskRepository - Method: insertTask - Message: Executant consulta: INSERT INTO tasks (title, category, completed, imagePath, dataCreated, dataUpdated) VALUES (?, ?, ?, ?, ?, ?)
[INFO] 2026-02-08 21:07.00 - Class: TaskRepository - Method: insertTask - Message: Executant consulta: INSERT INTO tasks (title, category, completed, imagePath, dataCreated, dataUpdated) VALUES (?, ?, ?, ?, ?, ?)
[INFO] 2026-02-08 21:07.00 - Class: TaskRepository - Method: insertTask - Message: Executant consulta: INSERT INTO tasks (title, category, completed, imagePath, dataCreated, dataUpdated) VALUES (?, ?, ?, ?, ?, ?)
[INFO] 2026-02-08 21:07.00 - Class: TaskRepository - Method: insertTask - Message: Executant consulta: INSERT INTO tasks (title, category, completed, imagePath, dataCreated, dataUpdated) VALUES (?, ?, ?, ?, ?, ?)
[INFO] 2026-02-08 21:08.27 - Class: TaskService - Method: createTasks - Message: Creant els customers
[INFO] 2026-02-08 21:08.27 - Class: TaskRepository - Method: insertTask - Message: Executant consulta: INSERT INTO tasks (title, category, completed, imagePath, dataCreated, dataUpdated) VALUES (?, ?, ?, ?, ?, ?)
[INFO] 2026-02-08 21:08.27 - Class: TaskRepository - Method: insertTask - Message: Executant consulta: INSERT INTO tasks (title, category, completed, imagePath, dataCreated, dataUpdated) VALUES (?, ?, ?, ?, ?, ?)
[INFO] 2026-02-08 21:09.32 - Class: TaskService - Method: saveTaskImage - Message: Afegint la imatge chulinSI.jpg per a la task amb id: 1
[INFO] 2026-02-08 21:09.32 - Class: TaskRepository - Method: getTaskById - Message: Executant consulta: select * from tasks where id = ?
[INFO] 2026-02-08 21:09.32 - Class: TaskRepository - Method: updateTaskImage - Message: Actualitzant imatge de la task amb id: 1
[INFO] 2026-02-08 21:09.32 - Class: TaskService - Method: saveTaskImage - Message: La imatge s'ha guardat correctament. El path és: images/11770581372294chulinSI.jpg
[INFO] 2026-02-08 21:09.44 - Class: TaskService - Method: deleteTask - Message: Borrant la task amb id: 1
[INFO] 2026-02-08 21:09.44 - Class: TaskRepository - Method: getTaskById - Message: Executant consulta: select * from tasks where id = ?
[INFO] 2026-02-08 21:09.44 - Class: TaskRepository - Method: deleteTask - Message: Eliminant task amb id: 1
[INFO] 2026-02-08 21:10.01 - Class: TaskService - Method: deleteAllTasks - Message: Borrant totes les tasks
[INFO] 2026-02-08 21:10.01 - Class: TaskRepository - Method: deleteAllTasks - Message: Eliminant totes les tasks
